
> frontend@0.0.0 build
> vite build

[36mvite v8.1.4 [32mbuilding client environment for production...[36m[39m
[2K
transforming...Γ£ô 38 modules transformed.
rendering chunks...
computing gzip size...
dist/index.html                   0.45 kB Γöé gzip:  0.29 kB
dist/assets/index-CsP92Cqc.css   22.06 kB Γöé gzip:  5.29 kB
dist/assets/index-DZjcwgHm.js   267.33 kB Γöé gzip: 83.37 kB

[32mΓ£ô built in 1m 19s[39m
